---
source: crates/parser/src/lib.rs
expression: ast
---
functions:
  - name:
      name: test
      location:
        start: 3
        end: 7
        context: ~
    parameters:
      parameters: []
      location:
        start: 8
        end: 8
        context: ~
    return_type:
      kind: I32
      location:
        start: 13
        end: 16
        context: ~
    body:
      statements:
        statements:
          - VariableDefinition:
              name:
                name: x
                location:
                  start: 27
                  end: 28
                  context: ~
              mutable: true
              variable_type:
                kind: I32
                location:
                  start: 30
                  end: 33
                  context: ~
              value:
                IntegerLiteral:
                  value: "0"
                  type: ~
                  location:
                    start: 36
                    end: 37
                    context: ~
              location:
                start: 23
                end: 38
                context: ~
          - ExpressionStatement:
              expression:
                AssignmentExpression:
                  name:
                    name: x
                    location:
                      start: 43
                      end: 44
                      context: ~
                  value:
                    IntegerLiteral:
                      value: "1"
                      type: ~
                      location:
                        start: 47
                        end: 48
                        context: ~
                  location:
                    start: 43
                    end: 48
                    context: ~
              location:
                start: 43
                end: 49
                context: ~
          - Expression:
              IdentifierExpression:
                identifier:
                  name: x
                  location:
                    start: 54
                    end: 55
                    context: ~
                type: ~
                location:
                  start: 54
                  end: 55
                  context: ~
        location:
          start: 23
          end: 55
          context: ~
      location:
        start: 23
        end: 55
        context: ~
    location:
      start: 0
      end: 57
      context: ~
