---
source: crates/parser/src/lib.rs
expression: ast
---
functions:
  - name:
      name: foo
      location:
        start:
          index: 3
          line: 1
          column: 4
        end:
          index: 6
          line: 1
          column: 7
    parameters:
      parameters: []
      location:
        start:
          index: 6
          line: 1
          column: 7
        end:
          index: 8
          line: 1
          column: 9
    return_type:
      name: I64
      location:
        start:
          index: 12
          line: 1
          column: 13
        end:
          index: 15
          line: 1
          column: 16
    body:
      statements:
        statements:
          - Expression:
              IntegerLiteral:
                value: "0"
                location:
                  start:
                    index: 18
                    line: 1
                    column: 19
                  end:
                    index: 19
                    line: 1
                    column: 20
        location:
          start:
            index: 16
            line: 1
            column: 17
          end:
            index: 21
            line: 1
            column: 22
      location:
        start:
          index: 16
          line: 1
          column: 17
        end:
          index: 21
          line: 1
          column: 22
    location:
      start:
        index: 3
        line: 1
        column: 4
      end:
        index: 21
        line: 1
        column: 22
  - name:
      name: bar
      location:
        start:
          index: 25
          line: 2
          column: 4
        end:
          index: 28
          line: 2
          column: 7
    parameters:
      parameters: []
      location:
        start:
          index: 28
          line: 2
          column: 7
        end:
          index: 30
          line: 2
          column: 9
    return_type:
      name: I32
      location:
        start:
          index: 34
          line: 2
          column: 13
        end:
          index: 37
          line: 2
          column: 16
    body:
      statements:
        statements:
          - Expression:
              IntegerLiteral:
                value: "1"
                location:
                  start:
                    index: 40
                    line: 2
                    column: 19
                  end:
                    index: 41
                    line: 2
                    column: 20
        location:
          start:
            index: 38
            line: 2
            column: 17
          end:
            index: 43
            line: 2
            column: 22
      location:
        start:
          index: 38
          line: 2
          column: 17
        end:
          index: 43
          line: 2
          column: 22
    location:
      start:
        index: 25
        line: 2
        column: 4
      end:
        index: 43
        line: 2
        column: 22
