---
source: crates/parser/src/lib.rs
expression: ast
---
functions:
  - name:
      name: main
      location:
        start:
          index: 3
          line: 1
          column: 4
        end:
          index: 7
          line: 1
          column: 8
    parameters:
      parameters: []
      location:
        start:
          index: 7
          line: 1
          column: 8
        end:
          index: 9
          line: 1
          column: 10
    return_type:
      name: I32
      location:
        start:
          index: 13
          line: 1
          column: 14
        end:
          index: 16
          line: 1
          column: 17
    body:
      statements:
        statements:
          - Expression:
              IntegerLiteral:
                value: "0"
                location:
                  start:
                    index: 19
                    line: 1
                    column: 20
                  end:
                    index: 20
                    line: 1
                    column: 21
        location:
          start:
            index: 17
            line: 1
            column: 18
          end:
            index: 22
            line: 1
            column: 23
      location:
        start:
          index: 17
          line: 1
          column: 18
        end:
          index: 22
          line: 1
          column: 23
    location:
      start:
        index: 3
        line: 1
        column: 4
      end:
        index: 22
        line: 1
        column: 23
